ff.c:581:6:mem_cpy	0	static
ff.c:598:6:mem_set	0	static
ff.c:663:9:chk_lock	12	static
ff.c:699:6:inc_lock	20	static
ff.c:731:9:dec_lock	0	static
ff.c:1126:7:clmt_clust	0	static
ff.c:1509:6:sum_sfn	0	static
ff.c:1844:7:get_achar	0	static
ff.c:1866:5:pattern_matching	40	static
ff.c:2188:5:get_ldnumber	8	static
ff.c:2446:9:validate	8	static
ff.c:1309:7:ld_clust.isra.0	0	static
ff.c:774:9:sync_window.part.1	16	static
ff.c:774:9:sync_window	0	static
ff.c:803:9:move_window	16	static
ff.c:2249:6:check_fs	8	static
ff.c:2277:9:find_volume	40	static
ff.c:834:9:sync_fs	16	static
ff.c:874:7:clust2sect	0	static
ff.c:892:7:get_fat	24	static
ff.c:1154:9:dir_sdi	16	static
ff.c:947:9:put_fat	24	static
ff.c:1064:7:create_chain	24	static
ff.c:1202:9:dir_next	32	static
ff.c:1727:9:dir_remove	16	static
ff.c:1590:9:dir_read.constprop	32	static
ff.c:1011:9:remove_chain	16	static
ff.c:2476:9:f_mount	32	static
ff.c:2659:9:f_read	48	static
ff.c:2760:9:f_write	48	static
ff.c:4545:6:putc_bfd	24	static
ff.c:2882:9:f_sync	16	static
ff.c:2931:9:f_close	8	static
ff.c:3103:9:f_lseek	32	static
ff.c:3317:9:f_closedir	16	static
ff.c:3478:9:f_getfree	40	static
ff.c:3545:9:f_truncate	16	static
ff.c:4139:9:f_mkfs	64	static
ff.c:4458:8:f_gets	32	static
ff.c:4600:5:f_putc	88	static
ff.c:4627:5:f_puts	88	static
ff.c:4655:5:f_printf	140	static
ff.c:4771:7:ff_convert	8	static
ff.c:1774:6:get_fileinfo	24	static
ff.c:3349:9:f_readdir	40	static
ff.c:3391:9:f_findnext	24	static
ff.c:4800:7:ff_wtoupper	12	static
ff.c:1529:9:dir_find.part.13	56	static
ff.c:1649:9:dir_register	56	static
ff.c:2126:9:follow_path	48	static
ff.c:3261:9:f_opendir	40	static
ff.c:3417:9:f_findfirst	16	static
ff.c:3443:9:f_stat	592	static
ff.c:3601:9:f_unlink	1152	static
ff.c:3744:9:f_chmod	600	static
ff.c:3865:9:f_utime	592	static
ff.c:2523:9:f_open	608	static
ff.c:3670:9:f_mkdir	640	static
ff.c:3787:9:f_rename	1176	static
