button.c:472:6:drawButton	16	static
button.c:750:9:executeCalibrationButton	16	static
button.c:888:10:testButton	8	static
button.c:902:6:setup_Cal_Display	16	static
button.c:944:6:erase_Cal_Display	8	static
button.c:964:6:PTT_Out_Init	64	static
button.c:993:6:PTT_Out_Set	8	static
button.c:1000:6:PTT_Out_RST_Clr	8	static
button.c:1008:6:set_codec_input_gain	8	static
button.c:1015:6:receive_sequence	8	static
button.c:1025:6:xmit_sequence	8	static
button.c:542:6:executeButton	16	static
button.c:494:6:checkButton	16	static
button.c:1039:6:start_Si5351	8	static
button.c:1061:6:FT8_Sync	8	static
