DS3231.c:68:15:bcd_to_decimal	0	static
DS3231.c:74:15:decimal_to_bcd	0	static
DS3231.c:80:15:DS3231_Read	0	static
DS3231.c:86:6:DS3231_Write	0	static
DS3231.c:92:6:DS3231_init	8	static
DS3231.c:101:6:getTime	24	static
DS3231.c:132:6:getDate	24	static
DS3231.c:145:6:RTC_setTime	24	static
DS3231.c:180:6:RTC_setDate	16	static
DS3231.c:210:6:display_RealTime	40	static
DS3231.c:216:6:load_RealTime	24	static
DS3231.c:223:6:display_RTC_TimeEdit	24	static
DS3231.c:227:6:set_RTC_to_TimeEdit	16	static
DS3231.c:231:6:load_RealDate	8	static
DS3231.c:244:6:display_RTC_DateEdit	16	static
DS3231.c:248:6:set_RTC_to_DateEdit	0	static
DS3231.c:253:6:display_Real_Date	32	static
DS3231.c:259:6:make_Real_Time	32	static
DS3231.c:274:6:make_Real_Date	24	static
DS3231.c:293:6:make_File_Name	8	static
DS3231.c:377:6:RTC_SetValue	0	static
