SiLabs.c:55:6:Si5351_Si5351	0	static
SiLabs.c:761:6:update_status	0	static
SiLabs.c:837:9:get_correction	0	static
SiLabs.c:1281:6:set_ref_freq	0	static
SiLabs.c:1328:9:si5351_write_bulk	24	static
SiLabs.c:1354:9:si5351_write	8	static
SiLabs.c:819:6:set_phase	0	static
SiLabs.c:850:6:pll_reset	0	static
SiLabs.c:1376:9:si5351_read	0	static
SiLabs.c:694:6:output_enable	16	static
SiLabs.c:722:6:drive_strength	16	static
SiLabs.c:872:6:set_ms_source	16	static
SiLabs.c:901:6:set_int	16	static
SiLabs.c:946:6:set_clock_pwr	16	static
SiLabs.c:972:6:set_clock_invert	16	static
SiLabs.c:1002:6:set_clock_source	16	static
SiLabs.c:1048:6:set_clock_disable	16	static
SiLabs.c:1091:6:set_clock_fanout	16	static
SiLabs.c:1407:10:pll_calc	48	static
SiLabs.c:512:6:set_pll	64	static
SiLabs.c:120:6:reset	32	static
SiLabs.c:798:6:set_correction	8	static
SiLabs.c:89:6:init	24	static
SiLabs.c:1143:6:set_pll_input	16	static
SiLabs.c:1197:6:set_vcxo	64	static
SiLabs.c:1493:10:multisynth_calc	40	static
SiLabs.c:1591:10:multisynth67_calc	24	static
SiLabs.c:1680:6:update_sys_status	8	static
SiLabs.c:1694:6:update_int_status	8	static
SiLabs.c:1707:6:ms_div	24	static
SiLabs.c:591:6:set_ms	80	static
SiLabs.c:1776:9:select_r_div	24	static
SiLabs.c:457:9:set_freq_manual	72	static
SiLabs.c:1820:9:select_r_div_ms67	24	static
SiLabs.c:195:9:set_freq	104	static
