stm32746g_discovery_audio.c:769:13:SAIx_Out_DeInit	0	static
stm32746g_discovery_audio.c:1380:13:SAIx_In_DeInit	0	static
stm32746g_discovery_audio.c:1270:13:SAIx_In_Init	56	static
stm32746g_discovery_audio.c:228:9:BSP_AUDIO_OUT_Play	16	static
stm32746g_discovery_audio.c:250:6:BSP_AUDIO_OUT_ChangeBuffer	0	static
stm32746g_discovery_audio.c:263:9:BSP_AUDIO_OUT_Pause	8	static
stm32746g_discovery_audio.c:287:9:BSP_AUDIO_OUT_Resume	8	static
stm32746g_discovery_audio.c:313:9:BSP_AUDIO_OUT_Stop	16	static
stm32746g_discovery_audio.c:341:9:BSP_AUDIO_OUT_SetVolume	8	static
stm32746g_discovery_audio.c:361:9:BSP_AUDIO_OUT_SetMute	8	static
stm32746g_discovery_audio.c:382:9:BSP_AUDIO_OUT_SetOutputMode	8	static
stm32746g_discovery_audio.c:430:6:BSP_AUDIO_OUT_SetAudioFrameSlot	8	static
stm32746g_discovery_audio.c:509:13:BSP_AUDIO_OUT_TransferComplete_CallBack	0	static
stm32746g_discovery_audio.c:459:6:HAL_SAI_TxCpltCallback	8	static
stm32746g_discovery_audio.c:517:13:BSP_AUDIO_OUT_HalfTransfer_CallBack	0	static
stm32746g_discovery_audio.c:471:6:HAL_SAI_TxHalfCpltCallback	8	static
stm32746g_discovery_audio.c:525:13:BSP_AUDIO_OUT_Error_CallBack	0	static
stm32746g_discovery_audio.c:535:6:BSP_AUDIO_OUT_MspInit	72	static
stm32746g_discovery_audio.c:618:6:BSP_AUDIO_OUT_MspDeInit	8	static
stm32746g_discovery_audio.c:447:6:BSP_AUDIO_OUT_DeInit	8	static
stm32746g_discovery_audio.c:663:6:BSP_AUDIO_OUT_ClockConfig	144	static
stm32746g_discovery_audio.c:173:9:BSP_AUDIO_OUT_Init	32	static
stm32746g_discovery_audio.c:403:6:BSP_AUDIO_OUT_SetFrequency	16	static
stm32746g_discovery_audio.c:993:10:BSP_AUDIO_IN_Record	8	static
stm32746g_discovery_audio.c:1015:9:BSP_AUDIO_IN_Stop	16	static
stm32746g_discovery_audio.c:1041:9:BSP_AUDIO_IN_Pause	8	static
stm32746g_discovery_audio.c:1053:9:BSP_AUDIO_IN_Resume	8	static
stm32746g_discovery_audio.c:1066:9:BSP_AUDIO_IN_SetVolume	8	static
stm32746g_discovery_audio.c:1120:13:BSP_AUDIO_IN_TransferComplete_CallBack	0	static
stm32746g_discovery_audio.c:1098:6:HAL_SAI_RxCpltCallback	8	static
stm32746g_discovery_audio.c:1131:13:BSP_AUDIO_IN_HalfTransfer_CallBack	0	static
stm32746g_discovery_audio.c:1109:6:HAL_SAI_RxHalfCpltCallback	8	static
stm32746g_discovery_audio.c:1142:13:BSP_AUDIO_IN_Error_CallBack	0	static
stm32746g_discovery_audio.c:483:6:HAL_SAI_ErrorCallback	16	static
stm32746g_discovery_audio.c:1154:6:BSP_AUDIO_IN_MspInit	64	static
stm32746g_discovery_audio.c:795:9:BSP_AUDIO_IN_Init	24	static
stm32746g_discovery_audio.c:872:9:BSP_AUDIO_IN_OUT_Init	24	static
stm32746g_discovery_audio.c:1228:6:BSP_AUDIO_IN_MspDeInit	8	static
stm32746g_discovery_audio.c:1086:6:BSP_AUDIO_IN_DeInit	8	static
