stm32746g_discovery_lcd.c:1474:13:LL_FillBuffer	32	static
stm32746g_discovery_lcd.c:237:10:BSP_LCD_GetXSize	0	static
stm32746g_discovery_lcd.c:246:10:BSP_LCD_GetYSize	0	static
stm32746g_discovery_lcd.c:256:6:BSP_LCD_SetXSize	0	static
stm32746g_discovery_lcd.c:266:6:BSP_LCD_SetYSize	0	static
stm32746g_discovery_lcd.c:277:6:BSP_LCD_LayerDefaultInit	72	static
stm32746g_discovery_lcd.c:311:6:BSP_LCD_LayerRgb565Init	72	static
stm32746g_discovery_lcd.c:344:6:BSP_LCD_SelectLayer	0	static
stm32746g_discovery_lcd.c:358:6:BSP_LCD_SetLayerVisible	0	static
stm32746g_discovery_lcd.c:378:6:BSP_LCD_SetTransparency	0	static
stm32746g_discovery_lcd.c:389:6:BSP_LCD_SetLayerAddress	0	static
stm32746g_discovery_lcd.c:403:6:BSP_LCD_SetLayerWindow	24	static
stm32746g_discovery_lcd.c:418:6:BSP_LCD_SetColorKeying	16	static
stm32746g_discovery_lcd.c:430:6:BSP_LCD_ResetColorKeying	0	static
stm32746g_discovery_lcd.c:441:6:BSP_LCD_SetTextColor	0	static
stm32746g_discovery_lcd.c:450:10:BSP_LCD_GetTextColor	0	static
stm32746g_discovery_lcd.c:460:6:BSP_LCD_SetBackColor	0	static
stm32746g_discovery_lcd.c:469:10:BSP_LCD_GetBackColor	0	static
stm32746g_discovery_lcd.c:479:6:BSP_LCD_SetFont	0	static
stm32746g_discovery_lcd.c:488:8:BSP_LCD_GetFont	0	static
stm32746g_discovery_lcd.c:499:10:BSP_LCD_ReadPixel	8	static
stm32746g_discovery_lcd.c:534:6:BSP_LCD_Clear	16	static
stm32746g_discovery_lcd.c:656:6:BSP_LCD_DrawHLine	32	static
stm32746g_discovery_lcd.c:681:6:BSP_LCD_DrawVLine	32	static
stm32746g_discovery_lcd.c:782:6:BSP_LCD_DrawRect	24	static
stm32746g_discovery_lcd.c:908:6:BSP_LCD_DrawPixel	12	static
stm32746g_discovery_lcd.c:565:6:BSP_LCD_DisplayChar	56	static
stm32746g_discovery_lcd.c:583:6:BSP_LCD_DisplayStringAt	32	static
stm32746g_discovery_lcd.c:644:6:BSP_LCD_DisplayStringAtLine	4	static
stm32746g_discovery_lcd.c:707:6:BSP_LCD_DrawLine	64	static
stm32746g_discovery_lcd.c:847:6:BSP_LCD_DrawPolygon	16	static
stm32746g_discovery_lcd.c:1396:13:FillTriangle	64	static
stm32746g_discovery_lcd.c:800:6:BSP_LCD_DrawCircle	64	static
stm32746g_discovery_lcd.c:875:6:BSP_LCD_DrawEllipse	56	static
stm32746g_discovery_lcd.c:928:6:BSP_LCD_DrawBitmap	56	static
stm32746g_discovery_lcd.c:989:6:BSP_LCD_FillRect	32	static
stm32746g_discovery_lcd.c:545:6:BSP_LCD_ClearStringLine	16	static
stm32746g_discovery_lcd.c:1016:6:BSP_LCD_FillCircle	48	static
stm32746g_discovery_lcd.c:1064:6:BSP_LCD_FillPolygon	64	static
stm32746g_discovery_lcd.c:1132:6:BSP_LCD_FillEllipse	48	static
stm32746g_discovery_lcd.c:1162:6:BSP_LCD_DisplayOn	8	static
stm32746g_discovery_lcd.c:1174:6:BSP_LCD_DisplayOff	8	static
stm32746g_discovery_lcd.c:1188:13:BSP_LCD_MspInit	80	static
stm32746g_discovery_lcd.c:1260:13:BSP_LCD_MspDeInit	8	static
stm32746g_discovery_lcd.c:216:9:BSP_LCD_DeInit	8	static
stm32746g_discovery_lcd.c:1309:13:BSP_LCD_ClockConfig	0	static
stm32746g_discovery_lcd.c:154:9:BSP_LCD_Init	8	static
