stm32746g_discovery.c:581:13:I2Cx_Init	56	static
stm32746g_discovery.c:744:13:I2Cx_Error.isra.1	8	static
stm32746g_discovery.c:668:26:I2Cx_WriteMultiple	32	static
stm32746g_discovery.c:619:26:I2Cx_ReadMultiple	32	static
stm32746g_discovery.c:185:10:BSP_GetVersion	0	static
stm32746g_discovery.c:197:6:BSP_LED_Init	40	static
stm32746g_discovery.c:229:6:BSP_LED_DeInit	8	static
stm32746g_discovery.c:252:6:BSP_LED_On	0	static
stm32746g_discovery.c:270:6:BSP_LED_Off	0	static
stm32746g_discovery.c:288:6:BSP_LED_Toggle	0	static
stm32746g_discovery.c:316:6:BSP_PB_Init	48	static
stm32746g_discovery.c:370:6:BSP_PB_DeInit	16	static
stm32746g_discovery.c:392:10:BSP_PB_GetState	8	static
stm32746g_discovery.c:407:6:BSP_COM_Init	56	static
stm32746g_discovery.c:447:6:BSP_COM_DeInit	8	static
stm32746g_discovery.c:763:6:AUDIO_IO_Init	0	static
stm32746g_discovery.c:772:6:AUDIO_IO_DeInit	0	static
stm32746g_discovery.c:783:6:AUDIO_IO_Write	24	static
stm32746g_discovery.c:800:10:AUDIO_IO_Read	24	static
stm32746g_discovery.c:820:6:AUDIO_IO_Delay	0	static
stm32746g_discovery.c:843:6:CAMERA_IO_Write	24	static
stm32746g_discovery.c:854:9:CAMERA_IO_Read	24	static
stm32746g_discovery.c:868:6:CAMERA_Delay	0	static
stm32746g_discovery.c:892:19:EEPROM_IO_WriteData	16	static
stm32746g_discovery.c:905:19:EEPROM_IO_ReadData	16	static
stm32746g_discovery.c:917:19:EEPROM_IO_IsDeviceReady	0	static
stm32746g_discovery.c:928:6:TS_IO_Init	0	static
stm32746g_discovery.c:940:6:TS_IO_Write	24	static
stm32746g_discovery.c:951:9:TS_IO_Read	24	static
stm32746g_discovery.c:965:6:TS_IO_Delay	0	static
stm32746g_discovery.c:977:6:EXT_I2C_Write	24	static
stm32746g_discovery.c:982:19:EXT_I2C_MasterWrite	16	static
stm32746g_discovery.c:989:6:EXT_I2C_Write_N	24	static
stm32746g_discovery.c:995:19:EXT_I2C_DeviceReady	0	static
stm32746g_discovery.c:1007:9:EXT_I2C_Read	24	static
stm32746g_discovery.c:1015:19:EXT_I2C_MasterRead	16	static
stm32746g_discovery.c:1028:6:EXT_I2C_Init	0	static
stm32746g_discovery.c:831:6:CAMERA_IO_Init	0	static
stm32746g_discovery.c:879:6:EEPROM_IO_Init	0	static
