stm32f7xx_hal_nor.c:232:13:HAL_NOR_MspInit	0	static
stm32f7xx_hal_nor.c:169:19:HAL_NOR_Init	16	static
stm32f7xx_hal_nor.c:248:13:HAL_NOR_MspDeInit	0	static
stm32f7xx_hal_nor.c:209:19:HAL_NOR_DeInit	8	static
stm32f7xx_hal_nor.c:265:13:HAL_NOR_MspWait	0	static
stm32f7xx_hal_nor.c:300:19:HAL_NOR_Read_ID	0	static,ignoring_inline_asm
stm32f7xx_hal_nor.c:360:19:HAL_NOR_ReturnToReadMode	0	static,ignoring_inline_asm
stm32f7xx_hal_nor.c:410:19:HAL_NOR_Read	8	static,ignoring_inline_asm
stm32f7xx_hal_nor.c:469:19:HAL_NOR_Program	8	static,ignoring_inline_asm
stm32f7xx_hal_nor.c:529:19:HAL_NOR_ReadBuffer	12	static,ignoring_inline_asm
stm32f7xx_hal_nor.c:594:19:HAL_NOR_ProgramBuffer	16	static,ignoring_inline_asm
stm32f7xx_hal_nor.c:674:19:HAL_NOR_Erase_Block	16	static,ignoring_inline_asm
stm32f7xx_hal_nor.c:733:19:HAL_NOR_Erase_Chip	8	static,ignoring_inline_asm
stm32f7xx_hal_nor.c:791:19:HAL_NOR_Read_CFI	0	static,ignoring_inline_asm
stm32f7xx_hal_nor.c:868:19:HAL_NOR_WriteOperation_Enable	16	static
stm32f7xx_hal_nor.c:891:19:HAL_NOR_WriteOperation_Disable	8	static
stm32f7xx_hal_nor.c:936:22:HAL_NOR_GetState	0	static
stm32f7xx_hal_nor.c:950:23:HAL_NOR_GetStatus	24	static
