stm32f7xx_hal_sd.c:2861:28:SD_CmdResp2Error	0	static
stm32f7xx_hal_sd.c:3232:28:SD_IsCardProgramming	40	static
stm32f7xx_hal_sd.c:2685:28:SD_CmdResp1Error	16	static
stm32f7xx_hal_sd.c:3118:28:SD_FindSCR	80	static
stm32f7xx_hal_sd.c:414:13:HAL_SD_MspInit	0	static
stm32f7xx_hal_sd.c:429:13:HAL_SD_MspDeInit	0	static
stm32f7xx_hal_sd.c:396:19:HAL_SD_DeInit	8	static
stm32f7xx_hal_sd.c:855:21:HAL_SD_ReadBlocks_DMA	80	static
stm32f7xx_hal_sd.c:971:21:HAL_SD_WriteBlocks_DMA	72	static
stm32f7xx_hal_sd.c:1209:21:HAL_SD_Erase	56	static
stm32f7xx_hal_sd.c:1378:13:HAL_SD_XferCpltCallback	0	static
stm32f7xx_hal_sd.c:1393:13:HAL_SD_XferErrorCallback	0	static
stm32f7xx_hal_sd.c:1313:6:HAL_SD_IRQHandler	8	static
stm32f7xx_hal_sd.c:1409:13:HAL_SD_DMA_RxCpltCallback	0	static
stm32f7xx_hal_sd.c:2197:13:SD_DMA_RxCplt	8	static
stm32f7xx_hal_sd.c:1425:13:HAL_SD_DMA_RxErrorCallback	0	static
stm32f7xx_hal_sd.c:2222:13:SD_DMA_RxError	8	static
stm32f7xx_hal_sd.c:1441:13:HAL_SD_DMA_TxCpltCallback	0	static
stm32f7xx_hal_sd.c:2236:13:SD_DMA_TxCplt	8	static
stm32f7xx_hal_sd.c:1457:13:HAL_SD_DMA_TxErrorCallback	0	static
stm32f7xx_hal_sd.c:2261:13:SD_DMA_TxError	8	static
stm32f7xx_hal_sd.c:1493:21:HAL_SD_Get_CardInfo	28	static
stm32f7xx_hal_sd.c:338:21:HAL_SD_Init	104	static
stm32f7xx_hal_sd.c:1709:21:HAL_SD_WideBusOperation_Config	72	static
stm32f7xx_hal_sd.c:1763:21:HAL_SD_StopTransfer	40	static
stm32f7xx_hal_sd.c:469:21:HAL_SD_ReadBlocks	80	static
stm32f7xx_hal_sd.c:645:21:HAL_SD_WriteBlocks	88	static
stm32f7xx_hal_sd.c:1086:21:HAL_SD_CheckReadOperation	16	static
stm32f7xx_hal_sd.c:1790:21:HAL_SD_HighSpeed	152	static
stm32f7xx_hal_sd.c:1945:21:HAL_SD_SendSDStatus	80	static
stm32f7xx_hal_sd.c:2073:29:HAL_SD_GetStatus	40	static
stm32f7xx_hal_sd.c:1146:21:HAL_SD_CheckWriteOperation	16	static
stm32f7xx_hal_sd.c:2102:21:HAL_SD_GetCardStatus	72	static
