stm32f7xx_hal_lptim.c:353:13:HAL_LPTIM_MspInit	0	static
stm32f7xx_hal_lptim.c:228:19:HAL_LPTIM_Init	16	static
stm32f7xx_hal_lptim.c:368:13:HAL_LPTIM_MspDeInit	0	static
stm32f7xx_hal_lptim.c:321:19:HAL_LPTIM_DeInit	8	static
stm32f7xx_hal_lptim.c:417:19:HAL_LPTIM_PWM_Start	8	static
stm32f7xx_hal_lptim.c:454:19:HAL_LPTIM_PWM_Stop	0	static
stm32f7xx_hal_lptim.c:481:19:HAL_LPTIM_PWM_Start_IT	12	static
stm32f7xx_hal_lptim.c:537:19:HAL_LPTIM_PWM_Stop_IT	0	static
stm32f7xx_hal_lptim.c:583:19:HAL_LPTIM_OnePulse_Start	8	static
stm32f7xx_hal_lptim.c:620:19:HAL_LPTIM_OnePulse_Stop	0	static
stm32f7xx_hal_lptim.c:647:19:HAL_LPTIM_OnePulse_Start_IT	12	static
stm32f7xx_hal_lptim.c:703:19:HAL_LPTIM_OnePulse_Stop_IT	0	static
stm32f7xx_hal_lptim.c:749:19:HAL_LPTIM_SetOnce_Start	8	static
stm32f7xx_hal_lptim.c:786:19:HAL_LPTIM_SetOnce_Stop	0	static
stm32f7xx_hal_lptim.c:813:19:HAL_LPTIM_SetOnce_Start_IT	12	static
stm32f7xx_hal_lptim.c:869:19:HAL_LPTIM_SetOnce_Stop_IT	0	static
stm32f7xx_hal_lptim.c:913:19:HAL_LPTIM_Encoder_Start	8	static
stm32f7xx_hal_lptim.c:963:19:HAL_LPTIM_Encoder_Stop	0	static
stm32f7xx_hal_lptim.c:991:19:HAL_LPTIM_Encoder_Start_IT	8	static
stm32f7xx_hal_lptim.c:1048:19:HAL_LPTIM_Encoder_Stop_IT	0	static
stm32f7xx_hal_lptim.c:1086:19:HAL_LPTIM_TimeOut_Start	8	static
stm32f7xx_hal_lptim.c:1123:19:HAL_LPTIM_TimeOut_Stop	0	static
stm32f7xx_hal_lptim.c:1155:19:HAL_LPTIM_TimeOut_Start_IT	8	static
stm32f7xx_hal_lptim.c:1195:19:HAL_LPTIM_TimeOut_Stop_IT	0	static
stm32f7xx_hal_lptim.c:1226:19:HAL_LPTIM_Counter_Start	0	static
stm32f7xx_hal_lptim.c:1265:19:HAL_LPTIM_Counter_Stop	0	static
stm32f7xx_hal_lptim.c:1290:19:HAL_LPTIM_Counter_Start_IT	0	static
stm32f7xx_hal_lptim.c:1335:19:HAL_LPTIM_Counter_Stop_IT	0	static
stm32f7xx_hal_lptim.c:1383:10:HAL_LPTIM_ReadCounter	0	static
stm32f7xx_hal_lptim.c:1396:10:HAL_LPTIM_ReadAutoReload	0	static
stm32f7xx_hal_lptim.c:1409:10:HAL_LPTIM_ReadCompare	0	static
stm32f7xx_hal_lptim.c:1533:13:HAL_LPTIM_CompareMatchCallback	0	static
stm32f7xx_hal_lptim.c:1548:13:HAL_LPTIM_AutoReloadMatchCallback	0	static
stm32f7xx_hal_lptim.c:1563:13:HAL_LPTIM_TriggerCallback	0	static
stm32f7xx_hal_lptim.c:1578:13:HAL_LPTIM_CompareWriteCallback	0	static
stm32f7xx_hal_lptim.c:1593:13:HAL_LPTIM_AutoReloadWriteCallback	0	static
stm32f7xx_hal_lptim.c:1608:13:HAL_LPTIM_DirectionUpCallback	0	static
stm32f7xx_hal_lptim.c:1623:13:HAL_LPTIM_DirectionDownCallback	0	static
stm32f7xx_hal_lptim.c:1441:6:HAL_LPTIM_IRQHandler	8	static
stm32f7xx_hal_lptim.c:1656:24:HAL_LPTIM_GetState	0	static
