stm32f7xx_ll_usb.c:100:19:USB_CoreInit	16	static
stm32f7xx_ll_usb.c:146:19:USB_EnableGlobalInt	0	static
stm32f7xx_ll_usb.c:159:19:USB_DisableGlobalInt	0	static
stm32f7xx_ll_usb.c:175:19:USB_SetCurrentMode	8	static
stm32f7xx_ll_usb.c:200:19:USB_DevInit	24	static
stm32f7xx_ll_usb.c:333:19:USB_FlushTxFifo	0	static
stm32f7xx_ll_usb.c:357:19:USB_FlushRxFifo	0	static
stm32f7xx_ll_usb.c:387:19:USB_SetDevSpeed	0	static
stm32f7xx_ll_usb.c:402:9:USB_GetDevSpeed	0	static
stm32f7xx_ll_usb.c:429:19:USB_ActivateEndpoint	16	static
stm32f7xx_ll_usb.c:460:19:USB_ActivateDedicatedEndpoint	20	static
stm32f7xx_ll_usb.c:503:19:USB_DeactivateEndpoint	8	static
stm32f7xx_ll_usb.c:527:19:USB_DeactivateDedicatedEndpoint	12	static
stm32f7xx_ll_usb.c:553:19:USB_EPStartXfer	40	static
stm32f7xx_ll_usb.c:675:19:USB_EP0StartXfer	20	static
stm32f7xx_ll_usb.c:764:19:USB_WritePacket	8	static
stm32f7xx_ll_usb.c:792:7:USB_ReadPacket	8	static
stm32f7xx_ll_usb.c:811:19:USB_EPSetStall	0	static
stm32f7xx_ll_usb.c:839:19:USB_EPClearStall	0	static
stm32f7xx_ll_usb.c:865:19:USB_StopDevice	16	static
stm32f7xx_ll_usb.c:896:20:USB_SetDevAddress	0	static
stm32f7xx_ll_usb.c:909:20:USB_DevConnect	8	static
stm32f7xx_ll_usb.c:922:20:USB_DevDisconnect	8	static
stm32f7xx_ll_usb.c:935:11:USB_ReadInterrupts	0	static
stm32f7xx_ll_usb.c:949:10:USB_ReadDevAllOutEpInterrupt	0	static
stm32f7xx_ll_usb.c:962:10:USB_ReadDevAllInEpInterrupt	0	static
stm32f7xx_ll_usb.c:977:10:USB_ReadDevOutEPInterrupt	0	static
stm32f7xx_ll_usb.c:992:10:USB_ReadDevInEPInterrupt	8	static
stm32f7xx_ll_usb.c:1009:7:USB_ClearInterrupts	0	static
stm32f7xx_ll_usb.c:1022:10:USB_GetMode	0	static
stm32f7xx_ll_usb.c:1033:20:USB_ActivateSetup	0	static
stm32f7xx_ll_usb.c:1058:19:USB_EP0_OutStart	8	static
stm32f7xx_ll_usb.c:1081:26:USB_CoreReset	0	static
stm32f7xx_ll_usb.c:1120:19:USB_HostInit	16	static
stm32f7xx_ll_usb.c:1202:19:USB_InitFSLSPClkSel	8	static
stm32f7xx_ll_usb.c:1225:19:USB_ResetPort	16	static
stm32f7xx_ll_usb.c:1248:19:USB_DriveVbus	8	static
stm32f7xx_ll_usb.c:1276:10:USB_GetHostSpeed	8	static
stm32f7xx_ll_usb.c:1289:10:USB_GetCurrentFrame	0	static
stm32f7xx_ll_usb.c:1318:19:USB_HC_Init	20	static
stm32f7xx_ll_usb.c:1423:19:USB_HC_StartXfer	48	static
stm32f7xx_ll_usb.c:1534:10:USB_HC_ReadInterrupt	16	static
stm32f7xx_ll_usb.c:1546:19:USB_HC_Halt	24	static
stm32f7xx_ll_usb.c:1608:19:USB_DoPing	24	static
stm32f7xx_ll_usb.c:1630:19:USB_StopHost	32	static
