stm32f7xx_hal_nand.c:197:13:HAL_NAND_MspInit	0	static
stm32f7xx_hal_nand.c:134:20:HAL_NAND_Init	16	static
stm32f7xx_hal_nand.c:213:13:HAL_NAND_MspDeInit	0	static
stm32f7xx_hal_nand.c:174:19:HAL_NAND_DeInit	8	static
stm32f7xx_hal_nand.c:280:13:HAL_NAND_ITCallback	0	static
stm32f7xx_hal_nand.c:230:6:HAL_NAND_IRQHandler	8	static
stm32f7xx_hal_nand.c:316:19:HAL_NAND_Read_ID	24	static
stm32f7xx_hal_nand.c:364:19:HAL_NAND_Reset	0	static
stm32f7xx_hal_nand.c:406:19:HAL_NAND_Read_Page	40	static
stm32f7xx_hal_nand.c:583:19:HAL_NAND_Read_SpareArea	48	static
stm32f7xx_hal_nand.c:757:19:HAL_NAND_Erase_Block	12	static,ignoring_inline_asm
stm32f7xx_hal_nand.c:809:10:HAL_NAND_Read_Status	0	static
stm32f7xx_hal_nand.c:487:19:HAL_NAND_Write_Page	56	static,ignoring_inline_asm
stm32f7xx_hal_nand.c:663:19:HAL_NAND_Write_SpareArea	56	static,ignoring_inline_asm
stm32f7xx_hal_nand.c:845:10:HAL_NAND_Address_Inc	8	static
stm32f7xx_hal_nand.c:898:20:HAL_NAND_ECC_Enable	8	static
stm32f7xx_hal_nand.c:924:20:HAL_NAND_ECC_Disable	8	static
stm32f7xx_hal_nand.c:952:20:HAL_NAND_GetECC	8	static
stm32f7xx_hal_nand.c:1000:23:HAL_NAND_GetState	0	static
