stm32f7xx_hal_pcd.c:236:13:HAL_PCD_MspInit	0	static
stm32f7xx_hal_pcd.c:135:19:HAL_PCD_Init	64	static
stm32f7xx_hal_pcd.c:251:13:HAL_PCD_MspDeInit	0	static
stm32f7xx_hal_pcd.c:285:19:HAL_PCD_Start	8	static
stm32f7xx_hal_pcd.c:299:19:HAL_PCD_Stop	8	static
stm32f7xx_hal_pcd.c:210:19:HAL_PCD_DeInit	8	static
stm32f7xx_hal_pcd.c:630:14:HAL_PCD_DataOutStageCallback	0	static
stm32f7xx_hal_pcd.c:646:14:HAL_PCD_DataInStageCallback	0	static
stm32f7xx_hal_pcd.c:660:14:HAL_PCD_SetupStageCallback	0	static
stm32f7xx_hal_pcd.c:675:14:HAL_PCD_SOFCallback	0	static
stm32f7xx_hal_pcd.c:690:14:HAL_PCD_ResetCallback	0	static
stm32f7xx_hal_pcd.c:705:14:HAL_PCD_SuspendCallback	0	static
stm32f7xx_hal_pcd.c:720:14:HAL_PCD_ResumeCallback	0	static
stm32f7xx_hal_pcd.c:736:14:HAL_PCD_ISOOUTIncompleteCallback	0	static
stm32f7xx_hal_pcd.c:752:14:HAL_PCD_ISOINIncompleteCallback	0	static
stm32f7xx_hal_pcd.c:767:14:HAL_PCD_ConnectCallback	0	static
stm32f7xx_hal_pcd.c:782:14:HAL_PCD_DisconnectCallback	0	static
stm32f7xx_hal_pcd.c:314:6:HAL_PCD_IRQHandler	64	static
stm32f7xx_hal_pcd.c:816:19:HAL_PCD_DevConnect	8	static
stm32f7xx_hal_pcd.c:829:19:HAL_PCD_DevDisconnect	8	static
stm32f7xx_hal_pcd.c:843:19:HAL_PCD_SetAddress	8	static
stm32f7xx_hal_pcd.c:858:19:HAL_PCD_EP_Open	16	static
stm32f7xx_hal_pcd.c:900:19:HAL_PCD_EP_Close	8	static
stm32f7xx_hal_pcd.c:931:19:HAL_PCD_EP_Receive	16	static
stm32f7xx_hal_pcd.c:970:10:HAL_PCD_EP_GetRxCount	0	static
stm32f7xx_hal_pcd.c:982:19:HAL_PCD_EP_Transmit	16	static
stm32f7xx_hal_pcd.c:1022:19:HAL_PCD_EP_SetStall	16	static
stm32f7xx_hal_pcd.c:1057:19:HAL_PCD_EP_ClrStall	16	static
stm32f7xx_hal_pcd.c:1087:19:HAL_PCD_EP_Flush	8	static
stm32f7xx_hal_pcd.c:1110:19:HAL_PCD_ActivateRemoteWakeup	0	static
stm32f7xx_hal_pcd.c:1127:19:HAL_PCD_DeActivateRemoteWakeup	0	static
stm32f7xx_hal_pcd.c:1159:18:HAL_PCD_GetState	0	static
