stm32f7xx_hal_dma2d.c:1191:13:DMA2D_SetConfig	16	static
stm32f7xx_hal_dma2d.c:293:13:HAL_DMA2D_MspInit	0	static
stm32f7xx_hal_dma2d.c:181:19:HAL_DMA2D_Init	8	static
stm32f7xx_hal_dma2d.c:309:13:HAL_DMA2D_MspDeInit	0	static
stm32f7xx_hal_dma2d.c:264:19:HAL_DMA2D_DeInit	8	static
stm32f7xx_hal_dma2d.c:362:19:HAL_DMA2D_Start	24	static
stm32f7xx_hal_dma2d.c:399:19:HAL_DMA2D_Start_IT	24	static
stm32f7xx_hal_dma2d.c:443:19:HAL_DMA2D_BlendingStart	24	static
stm32f7xx_hal_dma2d.c:481:19:HAL_DMA2D_BlendingStart_IT	24	static
stm32f7xx_hal_dma2d.c:523:19:HAL_DMA2D_Abort	16	static
stm32f7xx_hal_dma2d.c:565:19:HAL_DMA2D_Suspend	16	static
stm32f7xx_hal_dma2d.c:601:19:HAL_DMA2D_Resume	0	static
stm32f7xx_hal_dma2d.c:619:19:HAL_DMA2D_PollForTransfer	16	static
stm32f7xx_hal_dma2d.c:722:6:HAL_DMA2D_IRQHandler	8	static
stm32f7xx_hal_dma2d.c:838:19:HAL_DMA2D_ConfigLayer	20	static
stm32f7xx_hal_dma2d.c:974:19:HAL_DMA2D_ConfigCLUT	32	static
stm32f7xx_hal_dma2d.c:1056:19:HAL_DMA2D_EnableCLUT	0	static
stm32f7xx_hal_dma2d.c:1084:19:HAL_DMA2D_DisableCLUT	0	static
stm32f7xx_hal_dma2d.c:1111:19:HAL_DMA2D_ProgramLineEvent	0	static
stm32f7xx_hal_dma2d.c:1160:24:HAL_DMA2D_GetState	0	static
stm32f7xx_hal_dma2d.c:1171:10:HAL_DMA2D_GetError	0	static
