stm32f7xx_hal_tim.c:5213:13:TIM_TI1_ConfigInputStage	8	static
stm32f7xx_hal_tim.c:5296:13:TIM_TI2_ConfigInputStage	8	static
stm32f7xx_hal_tim.c:266:13:HAL_TIM_Base_MspInit	0	static
stm32f7xx_hal_tim.c:282:13:HAL_TIM_Base_MspDeInit	0	static
stm32f7xx_hal_tim.c:238:19:HAL_TIM_Base_DeInit	8	static
stm32f7xx_hal_tim.c:298:19:HAL_TIM_Base_Start	0	static
stm32f7xx_hal_tim.c:322:19:HAL_TIM_Base_Stop	0	static
stm32f7xx_hal_tim.c:346:19:HAL_TIM_Base_Start_IT	0	static
stm32f7xx_hal_tim.c:367:19:HAL_TIM_Base_Stop_IT	0	static
stm32f7xx_hal_tim.c:389:19:HAL_TIM_Base_Start_DMA	8	static
stm32f7xx_hal_tim.c:434:19:HAL_TIM_Base_Stop_DMA	0	static
stm32f7xx_hal_tim.c:551:13:HAL_TIM_OC_MspInit	0	static
stm32f7xx_hal_tim.c:567:13:HAL_TIM_OC_MspDeInit	0	static
stm32f7xx_hal_tim.c:523:19:HAL_TIM_OC_DeInit	8	static
stm32f7xx_hal_tim.c:1066:13:HAL_TIM_PWM_MspInit	0	static
stm32f7xx_hal_tim.c:1082:13:HAL_TIM_PWM_MspDeInit	0	static
stm32f7xx_hal_tim.c:1038:19:HAL_TIM_PWM_DeInit	8	static
stm32f7xx_hal_tim.c:1584:13:HAL_TIM_IC_MspInit	0	static
stm32f7xx_hal_tim.c:1600:13:HAL_TIM_IC_MspDeInit	0	static
stm32f7xx_hal_tim.c:1556:19:HAL_TIM_IC_DeInit	8	static
stm32f7xx_hal_tim.c:2075:13:HAL_TIM_OnePulse_MspInit	0	static
stm32f7xx_hal_tim.c:2091:13:HAL_TIM_OnePulse_MspDeInit	0	static
stm32f7xx_hal_tim.c:2047:19:HAL_TIM_OnePulse_DeInit	8	static
stm32f7xx_hal_tim.c:2111:19:HAL_TIM_OnePulse_Start	0	static
stm32f7xx_hal_tim.c:2145:19:HAL_TIM_OnePulse_Stop	0	static
stm32f7xx_hal_tim.c:2179:19:HAL_TIM_OnePulse_Start_IT	0	static
stm32f7xx_hal_tim.c:2219:19:HAL_TIM_OnePulse_Stop_IT	0	static
stm32f7xx_hal_tim.c:2397:13:HAL_TIM_Encoder_MspInit	0	static
stm32f7xx_hal_tim.c:2413:13:HAL_TIM_Encoder_MspDeInit	0	static
stm32f7xx_hal_tim.c:2369:19:HAL_TIM_Encoder_DeInit	8	static
stm32f7xx_hal_tim.c:2434:19:HAL_TIM_Encoder_Start	0	static
stm32f7xx_hal_tim.c:2477:19:HAL_TIM_Encoder_Stop	0	static
stm32f7xx_hal_tim.c:2521:19:HAL_TIM_Encoder_Start_IT	0	static
stm32f7xx_hal_tim.c:2570:19:HAL_TIM_Encoder_Stop_IT	0	static
stm32f7xx_hal_tim.c:2625:19:HAL_TIM_Encoder_Start_DMA	24	static
stm32f7xx_hal_tim.c:2743:19:HAL_TIM_Encoder_Stop_DMA	0	static
stm32f7xx_hal_tim.c:3386:19:HAL_TIM_DMABurst_WriteStart	24	static
stm32f7xx_hal_tim.c:3518:19:HAL_TIM_DMABurst_WriteStop	16	static
stm32f7xx_hal_tim.c:3611:19:HAL_TIM_DMABurst_ReadStart	24	static
stm32f7xx_hal_tim.c:3744:19:HAL_TIM_DMABurst_ReadStop	0	static
stm32f7xx_hal_tim.c:3818:19:HAL_TIM_GenerateEvent	0	static
stm32f7xx_hal_tim.c:4116:19:HAL_TIM_ConfigTI1Input	0	static
stm32f7xx_hal_tim.c:4335:10:HAL_TIM_ReadCapturedValue	0	static
stm32f7xx_hal_tim.c:4423:13:HAL_TIM_PeriodElapsedCallback	0	static
stm32f7xx_hal_tim.c:4690:13:TIM_DMAPeriodElapsedCplt	8	static
stm32f7xx_hal_tim.c:4439:13:HAL_TIM_OC_DelayElapsedCallback	0	static
stm32f7xx_hal_tim.c:4454:13:HAL_TIM_IC_CaptureCallback	0	static
stm32f7xx_hal_tim.c:4655:6:TIM_DMACaptureCplt	8	static
stm32f7xx_hal_tim.c:4470:13:HAL_TIM_PWM_PulseFinishedCallback	0	static
stm32f7xx_hal_tim.c:4622:6:TIM_DMADelayPulseCplt	8	static
stm32f7xx_hal_tim.c:4486:13:HAL_TIM_TriggerCallback	0	static
stm32f7xx_hal_tim.c:2806:6:HAL_TIM_IRQHandler	8	static
stm32f7xx_hal_tim.c:4705:13:TIM_DMATriggerCplt	8	static
stm32f7xx_hal_tim.c:4502:13:HAL_TIM_ErrorCallback	0	static
stm32f7xx_hal_tim.c:4607:6:TIM_DMAError	8	static
stm32f7xx_hal_tim.c:4537:22:HAL_TIM_Base_GetState	0	static
stm32f7xx_hal_tim.c:4548:22:HAL_TIM_OC_GetState	0	static
stm32f7xx_hal_tim.c:4559:22:HAL_TIM_PWM_GetState	0	static
stm32f7xx_hal_tim.c:4570:22:HAL_TIM_IC_GetState	0	static
stm32f7xx_hal_tim.c:4581:22:HAL_TIM_OnePulse_GetState	0	static
stm32f7xx_hal_tim.c:4592:22:HAL_TIM_Encoder_GetState	0	static
stm32f7xx_hal_tim.c:4720:6:TIM_Base_SetConfig	0	static
stm32f7xx_hal_tim.c:201:19:HAL_TIM_Base_Init	8	static
stm32f7xx_hal_tim.c:484:19:HAL_TIM_OC_Init	8	static
stm32f7xx_hal_tim.c:999:19:HAL_TIM_PWM_Init	8	static
stm32f7xx_hal_tim.c:1517:19:HAL_TIM_IC_Init	8	static
stm32f7xx_hal_tim.c:2001:19:HAL_TIM_OnePulse_Init	16	static
stm32f7xx_hal_tim.c:2280:19:HAL_TIM_Encoder_Init	24	static
stm32f7xx_hal_tim.c:4765:6:TIM_OC1_SetConfig	16	static
stm32f7xx_hal_tim.c:4830:6:TIM_OC2_SetConfig	16	static
stm32f7xx_hal_tim.c:4897:6:TIM_OC3_SetConfig	16	static
stm32f7xx_hal_tim.c:4963:6:TIM_OC4_SetConfig	12	static
stm32f7xx_hal_tim.c:2981:26:HAL_TIM_OC_ConfigChannel	16	static
stm32f7xx_hal_tim.c:3148:26:HAL_TIM_PWM_ConfigChannel	16	static
stm32f7xx_hal_tim.c:5166:6:TIM_TI1_SetConfig	16	static
stm32f7xx_hal_tim.c:3051:19:HAL_TIM_IC_ConfigChannel	24	static
stm32f7xx_hal_tim.c:3249:19:HAL_TIM_OnePulse_ConfigChannel	48	static
stm32f7xx_hal_tim.c:5461:6:TIM_ETR_SetConfig	8	static
stm32f7xx_hal_tim.c:3856:26:HAL_TIM_ConfigOCrefClear	16	static
stm32f7xx_hal_tim.c:3960:19:HAL_TIM_ConfigClockSource	8	static
stm32f7xx_hal_tim.c:4149:19:HAL_TIM_SlaveConfigSynchronization	16	static
stm32f7xx_hal_tim.c:4296:19:HAL_TIM_SlaveConfigSynchronization_IT	16	static
stm32f7xx_hal_tim.c:5491:6:TIM_CCxChannelCmd	8	static
stm32f7xx_hal_tim.c:589:19:HAL_TIM_OC_Start	8	static
stm32f7xx_hal_tim.c:1104:19:HAL_TIM_PWM_Start	0	static
stm32f7xx_hal_tim.c:622:19:HAL_TIM_OC_Stop	8	static
stm32f7xx_hal_tim.c:655:19:HAL_TIM_OC_Start_IT	8	static
stm32f7xx_hal_tim.c:1173:19:HAL_TIM_PWM_Start_IT	0	static
stm32f7xx_hal_tim.c:722:19:HAL_TIM_OC_Stop_IT	8	static
stm32f7xx_hal_tim.c:1240:19:HAL_TIM_PWM_Stop_IT	0	static
stm32f7xx_hal_tim.c:791:19:HAL_TIM_OC_Start_DMA	16	static
stm32f7xx_hal_tim.c:1309:19:HAL_TIM_PWM_Start_DMA	0	static
stm32f7xx_hal_tim.c:909:19:HAL_TIM_OC_Stop_DMA	8	static
stm32f7xx_hal_tim.c:1427:19:HAL_TIM_PWM_Stop_DMA	0	static
stm32f7xx_hal_tim.c:1137:19:HAL_TIM_PWM_Stop	8	static
stm32f7xx_hal_tim.c:1622:19:HAL_TIM_IC_Start	8	static
stm32f7xx_hal_tim.c:1649:19:HAL_TIM_IC_Stop	8	static
stm32f7xx_hal_tim.c:1676:19:HAL_TIM_IC_Start_IT	8	static
stm32f7xx_hal_tim.c:1736:19:HAL_TIM_IC_Stop_IT	8	static
stm32f7xx_hal_tim.c:1799:19:HAL_TIM_IC_Start_DMA	16	static
stm32f7xx_hal_tim.c:1913:19:HAL_TIM_IC_Stop_DMA	8	static
