stm32f7xx_hal_i2c.c:4180:13:I2C_TransferConfig	12	static
stm32f7xx_hal_i2c.c:4111:26:I2C_IsAcknowledgeFailed	16	static
stm32f7xx_hal_i2c.c:3937:26:I2C_WaitOnFlagUntilTimeout	24	static
stm32f7xx_hal_i2c.c:4023:26:I2C_WaitOnSTOPFlagUntilTimeout	16	static
stm32f7xx_hal_i2c.c:4058:26:I2C_WaitOnRXNEFlagUntilTimeout	16	static
stm32f7xx_hal_i2c.c:3986:26:I2C_WaitOnTXISFlagUntilTimeout	16	static
stm32f7xx_hal_i2c.c:3047:26:I2C_RequestMemoryWrite	24	static
stm32f7xx_hal_i2c.c:3112:26:I2C_RequestMemoryRead	24	static
stm32f7xx_hal_i2c.c:407:14:HAL_I2C_MspInit	0	static
stm32f7xx_hal_i2c.c:290:19:HAL_I2C_Init	8	static
stm32f7xx_hal_i2c.c:423:14:HAL_I2C_MspDeInit	0	static
stm32f7xx_hal_i2c.c:372:19:HAL_I2C_DeInit	8	static
stm32f7xx_hal_i2c.c:506:19:HAL_I2C_Master_Transmit	32	static
stm32f7xx_hal_i2c.c:626:19:HAL_I2C_Master_Receive	32	static
stm32f7xx_hal_i2c.c:746:19:HAL_I2C_Slave_Transmit	32	static
stm32f7xx_hal_i2c.c:875:19:HAL_I2C_Slave_Receive	24	static
stm32f7xx_hal_i2c.c:995:19:HAL_I2C_Master_Transmit_IT	24	static
stm32f7xx_hal_i2c.c:1067:19:HAL_I2C_Master_Receive_IT	24	static
stm32f7xx_hal_i2c.c:1137:19:HAL_I2C_Slave_Transmit_IT	12	static
stm32f7xx_hal_i2c.c:1187:19:HAL_I2C_Slave_Receive_IT	12	static
stm32f7xx_hal_i2c.c:1238:19:HAL_I2C_Master_Transmit_DMA	32	static
stm32f7xx_hal_i2c.c:1331:19:HAL_I2C_Master_Receive_DMA	32	static
stm32f7xx_hal_i2c.c:1420:19:HAL_I2C_Slave_Transmit_DMA	16	static
stm32f7xx_hal_i2c.c:1506:19:HAL_I2C_Slave_Receive_DMA	24	static
stm32f7xx_hal_i2c.c:1580:19:HAL_I2C_Mem_Write	40	static
stm32f7xx_hal_i2c.c:1723:19:HAL_I2C_Mem_Read	40	static
stm32f7xx_hal_i2c.c:1859:19:HAL_I2C_Mem_Write_IT	32	static
stm32f7xx_hal_i2c.c:1952:19:HAL_I2C_Mem_Read_IT	32	static
stm32f7xx_hal_i2c.c:2043:19:HAL_I2C_Mem_Write_DMA	32	static
stm32f7xx_hal_i2c.c:2152:19:HAL_I2C_Mem_Read_DMA	32	static
stm32f7xx_hal_i2c.c:2251:19:HAL_I2C_IsDeviceReady	40	static
stm32f7xx_hal_i2c.c:2461:14:HAL_I2C_MasterTxCpltCallback	0	static
stm32f7xx_hal_i2c.c:2477:13:HAL_I2C_MasterRxCpltCallback	0	static
stm32f7xx_hal_i2c.c:2492:14:HAL_I2C_SlaveTxCpltCallback	0	static
stm32f7xx_hal_i2c.c:2508:13:HAL_I2C_SlaveRxCpltCallback	0	static
stm32f7xx_hal_i2c.c:2524:14:HAL_I2C_MemTxCpltCallback	0	static
stm32f7xx_hal_i2c.c:2540:13:HAL_I2C_MemRxCpltCallback	0	static
stm32f7xx_hal_i2c.c:2556:14:HAL_I2C_ErrorCallback	0	static
stm32f7xx_hal_i2c.c:3912:13:I2C_DMAError	8	static
stm32f7xx_hal_i2c.c:3172:13:I2C_DMAMasterTransmitCplt	24	static
stm32f7xx_hal_i2c.c:3379:13:I2C_DMAMasterReceiveCplt	24	static
stm32f7xx_hal_i2c.c:3328:13:I2C_DMASlaveTransmitCplt	8	static
stm32f7xx_hal_i2c.c:3542:13:I2C_DMASlaveReceiveCplt	8	static
stm32f7xx_hal_i2c.c:3594:13:I2C_DMAMemTransmitCplt	24	static
stm32f7xx_hal_i2c.c:3750:13:I2C_DMAMemReceiveCplt	24	static
stm32f7xx_hal_i2c.c:2371:6:HAL_I2C_EV_IRQHandler	16	static
stm32f7xx_hal_i2c.c:2417:6:HAL_I2C_ER_IRQHandler	8	static
stm32f7xx_hal_i2c.c:2591:22:HAL_I2C_GetState	0	static
stm32f7xx_hal_i2c.c:2602:10:HAL_I2C_GetError	0	static
