stm32f7xx_hal.c:208:13:HAL_MspInit	8	static
stm32f7xx_hal.c:222:13:HAL_MspDeInit	0	static
stm32f7xx_hal.c:179:19:HAL_DeInit	8	static
stm32f7xx_hal.c:248:26:HAL_InitTick	8	static
stm32f7xx_hal.c:154:19:HAL_Init	8	static
stm32f7xx_hal.c:296:13:HAL_IncTick	0	static
stm32f7xx_hal.c:307:17:HAL_GetTick	0	static
stm32f7xx_hal.c:323:13:HAL_Delay	16	static
stm32f7xx_hal.c:342:13:HAL_SuspendTick	0	static
stm32f7xx_hal.c:358:13:HAL_ResumeTick	0	static
stm32f7xx_hal.c:368:10:HAL_GetHalVersion	0	static
stm32f7xx_hal.c:377:10:HAL_GetREVID	0	static
stm32f7xx_hal.c:386:10:HAL_GetDEVID	0	static
stm32f7xx_hal.c:395:6:HAL_DBGMCU_EnableDBGSleepMode	0	static
stm32f7xx_hal.c:404:6:HAL_DBGMCU_DisableDBGSleepMode	0	static
stm32f7xx_hal.c:413:6:HAL_DBGMCU_EnableDBGStopMode	0	static
stm32f7xx_hal.c:422:6:HAL_DBGMCU_DisableDBGStopMode	0	static
stm32f7xx_hal.c:431:6:HAL_DBGMCU_EnableDBGStandbyMode	0	static
stm32f7xx_hal.c:440:6:HAL_DBGMCU_DisableDBGStandbyMode	0	static
stm32f7xx_hal.c:451:6:HAL_EnableCompensationCell	0	static
stm32f7xx_hal.c:462:6:HAL_DisableCompensationCell	0	static
stm32f7xx_hal.c:475:6:HAL_EnableFMCMemorySwapping	0	static
stm32f7xx_hal.c:488:6:HAL_DisableFMCMemorySwapping	0	static
