stm32f7xx_hal_sdram.c:280:13:HAL_SDRAM_DMA_XferErrorCallback	0	static
stm32f7xx_hal_sdram.c:265:13:HAL_SDRAM_DMA_XferCpltCallback	0	static
stm32f7xx_hal_sdram.c:198:13:HAL_SDRAM_MspInit	0	static
stm32f7xx_hal_sdram.c:138:19:HAL_SDRAM_Init	16	static
stm32f7xx_hal_sdram.c:214:13:HAL_SDRAM_MspDeInit	0	static
stm32f7xx_hal_sdram.c:175:19:HAL_SDRAM_DeInit	8	static
stm32f7xx_hal_sdram.c:249:13:HAL_SDRAM_RefreshErrorCallback	0	static
stm32f7xx_hal_sdram.c:230:6:HAL_SDRAM_IRQHandler	8	static
stm32f7xx_hal_sdram.c:317:19:HAL_SDRAM_Read_8b	12	static
stm32f7xx_hal_sdram.c:358:19:HAL_SDRAM_Write_8b	12	static
stm32f7xx_hal_sdram.c:402:19:HAL_SDRAM_Read_16b	12	static
stm32f7xx_hal_sdram.c:442:19:HAL_SDRAM_Write_16b	12	static
stm32f7xx_hal_sdram.c:485:19:HAL_SDRAM_Read_32b	12	static
stm32f7xx_hal_sdram.c:525:19:HAL_SDRAM_Write_32b	12	static
stm32f7xx_hal_sdram.c:568:19:HAL_SDRAM_Read_DMA	16	static
stm32f7xx_hal_sdram.c:609:19:HAL_SDRAM_Write_DMA	16	static
stm32f7xx_hal_sdram.c:666:19:HAL_SDRAM_WriteProtection_Enable	8	static
stm32f7xx_hal_sdram.c:692:19:HAL_SDRAM_WriteProtection_Disable	8	static
stm32f7xx_hal_sdram.c:720:19:HAL_SDRAM_SendCommand	16	static
stm32f7xx_hal_sdram.c:754:19:HAL_SDRAM_ProgramRefreshRate	8	static
stm32f7xx_hal_sdram.c:781:19:HAL_SDRAM_SetAutoRefreshNumber	8	static
stm32f7xx_hal_sdram.c:807:10:HAL_SDRAM_GetModeStatus	0	static
stm32f7xx_hal_sdram.c:838:24:HAL_SDRAM_GetState	0	static
