stm32f7xx_hal_uart.c:525:14:HAL_UART_MspInit	0	static
stm32f7xx_hal_uart.c:540:14:HAL_UART_MspDeInit	0	static
stm32f7xx_hal_uart.c:488:19:HAL_UART_DeInit	16	static
stm32f7xx_hal_uart.c:776:19:HAL_UART_Transmit_IT	0	static
stm32f7xx_hal_uart.c:827:19:HAL_UART_Receive_IT	0	static
stm32f7xx_hal_uart.c:884:19:HAL_UART_Transmit_DMA	8	static
stm32f7xx_hal_uart.c:954:19:HAL_UART_Receive_DMA	16	static
stm32f7xx_hal_uart.c:1015:19:HAL_UART_DMAPause	0	static
stm32f7xx_hal_uart.c:1049:19:HAL_UART_DMAResume	0	static
stm32f7xx_hal_uart.c:1094:19:HAL_UART_DMAStop	8	static
stm32f7xx_hal_uart.c:1148:19:UART_WaitOnFlagUntilTimeout	24	static
stm32f7xx_hal_uart.c:618:19:HAL_UART_Transmit	16	static
stm32f7xx_hal_uart.c:696:19:HAL_UART_Receive	24	static
stm32f7xx_hal_uart.c:1311:14:HAL_UART_TxCpltCallback	0	static
stm32f7xx_hal_uart.c:1213:13:UART_DMATransmitCplt	8	static
stm32f7xx_hal_uart.c:1326:14:HAL_UART_TxHalfCpltCallback	0	static
stm32f7xx_hal_uart.c:1241:13:UART_DMATxHalfCplt	8	static
stm32f7xx_hal_uart.c:1341:13:HAL_UART_RxCpltCallback	0	static
stm32f7xx_hal_uart.c:1253:13:UART_DMAReceiveCplt	8	static
stm32f7xx_hal_uart.c:1123:6:HAL_UART_IRQHandler	8	static
stm32f7xx_hal_uart.c:1356:13:HAL_UART_RxHalfCpltCallback	0	static
stm32f7xx_hal_uart.c:1284:13:UART_DMARxHalfCplt	8	static
stm32f7xx_hal_uart.c:1371:14:HAL_UART_ErrorCallback	0	static
stm32f7xx_hal_uart.c:1296:13:UART_DMAError	8	static
stm32f7xx_hal_uart.c:1568:6:HAL_MultiProcessor_EnterMuteMode	0	static
stm32f7xx_hal_uart.c:1580:23:HAL_UART_GetState	0	static
stm32f7xx_hal_uart.c:1591:10:HAL_UART_GetError	0	static
stm32f7xx_hal_uart.c:1601:19:UART_SetConfig	16	static
stm32f7xx_hal_uart.c:1712:6:UART_AdvFeatureConfig	8	static
stm32f7xx_hal_uart.c:1787:19:UART_CheckIdleState	8	static
stm32f7xx_hal_uart.c:227:19:HAL_UART_Init	8	static
stm32f7xx_hal_uart.c:290:19:HAL_HalfDuplex_Init	8	static
stm32f7xx_hal_uart.c:349:19:HAL_LIN_Init	16	static
stm32f7xx_hal_uart.c:423:19:HAL_MultiProcessor_Init	16	static
stm32f7xx_hal_uart.c:1526:19:HAL_MultiProcessor_EnableMuteMode	4	static
stm32f7xx_hal_uart.c:1547:19:HAL_MultiProcessor_DisableMuteMode	4	static
stm32f7xx_hal_uart.c:1828:19:HAL_HalfDuplex_EnableTransmitter	0	static
stm32f7xx_hal_uart.c:1851:19:HAL_HalfDuplex_EnableReceiver	0	static
stm32f7xx_hal_uart.c:1875:19:HAL_LIN_SendBreak	0	static
