stm32f7xx_hal_ltdc.c:1119:13:LTDC_SetConfig	28	static
stm32f7xx_hal_ltdc.c:264:13:HAL_LTDC_MspInit	0	static
stm32f7xx_hal_ltdc.c:148:19:HAL_LTDC_Init	16	static
stm32f7xx_hal_ltdc.c:280:13:HAL_LTDC_MspDeInit	0	static
stm32f7xx_hal_ltdc.c:241:19:HAL_LTDC_DeInit	8	static
stm32f7xx_hal_ltdc.c:313:6:HAL_LTDC_IRQHandler	0	static
stm32f7xx_hal_ltdc.c:392:6:HAL_LTDC_ErrorCallback	0	static
stm32f7xx_hal_ltdc.c:408:6:HAL_LTDC_LineEventCallback	0	static
stm32f7xx_hal_ltdc.c:458:19:HAL_LTDC_ConfigLayer	24	static
stm32f7xx_hal_ltdc.c:507:19:HAL_LTDC_ConfigColorKeying	8	static
stm32f7xx_hal_ltdc.c:545:19:HAL_LTDC_ConfigCLUT	24	static
stm32f7xx_hal_ltdc.c:595:19:HAL_LTDC_EnableColorKeying	0	static
stm32f7xx_hal_ltdc.c:630:19:HAL_LTDC_DisableColorKeying	0	static
stm32f7xx_hal_ltdc.c:665:19:HAL_LTDC_EnableCLUT	0	static
stm32f7xx_hal_ltdc.c:701:19:HAL_LTDC_DisableCLUT	0	static
stm32f7xx_hal_ltdc.c:735:19:HAL_LTDC_EnableDither	0	static
stm32f7xx_hal_ltdc.c:762:19:HAL_LTDC_DisableDither	0	static
stm32f7xx_hal_ltdc.c:793:19:HAL_LTDC_SetWindowSize	24	static
stm32f7xx_hal_ltdc.c:855:19:HAL_LTDC_SetWindowPosition	24	static
stm32f7xx_hal_ltdc.c:908:19:HAL_LTDC_SetPixelFormat	16	static
stm32f7xx_hal_ltdc.c:953:19:HAL_LTDC_SetAlpha	16	static
stm32f7xx_hal_ltdc.c:997:19:HAL_LTDC_SetAddress	16	static
stm32f7xx_hal_ltdc.c:1038:19:HAL_LTDC_ProgramLineEvent	0	static
stm32f7xx_hal_ltdc.c:1090:23:HAL_LTDC_GetState	0	static
stm32f7xx_hal_ltdc.c:1101:10:HAL_LTDC_GetError	0	static
