stm32f7xx_ll_fmc.c:150:20:FMC_NORSRAM_Init	20	static
stm32f7xx_ll_fmc.c:229:19:FMC_NORSRAM_DeInit	8	static
stm32f7xx_ll_fmc.c:266:19:FMC_NORSRAM_Timing_Init	16	static
stm32f7xx_ll_fmc.c:320:20:FMC_NORSRAM_Extended_Timing_Init	12	static
stm32f7xx_ll_fmc.c:388:19:FMC_NORSRAM_WriteOperation_Enable	0	static
stm32f7xx_ll_fmc.c:406:19:FMC_NORSRAM_WriteOperation_Disable	0	static
stm32f7xx_ll_fmc.c:475:19:FMC_NAND_Init	8	static
stm32f7xx_ll_fmc.c:520:19:FMC_NAND_CommonSpace_Timing_Init	0	static
stm32f7xx_ll_fmc.c:559:19:FMC_NAND_AttributeSpace_Timing_Init	0	static
stm32f7xx_ll_fmc.c:595:19:FMC_NAND_DeInit	0	static
stm32f7xx_ll_fmc.c:639:19:FMC_NAND_ECC_Enable	0	static
stm32f7xx_ll_fmc.c:658:19:FMC_NAND_ECC_Disable	0	static
stm32f7xx_ll_fmc.c:678:19:FMC_NAND_GetECC	24	static
stm32f7xx_ll_fmc.c:762:19:FMC_SDRAM_Init	24	static
stm32f7xx_ll_fmc.c:844:19:FMC_SDRAM_Timing_Init	20	static
stm32f7xx_ll_fmc.c:915:19:FMC_SDRAM_DeInit	0	static
stm32f7xx_ll_fmc.c:956:19:FMC_SDRAM_WriteProtection_Enable	0	static
stm32f7xx_ll_fmc.c:973:19:FMC_SDRAM_WriteProtection_Disable	0	static
stm32f7xx_ll_fmc.c:993:19:FMC_SDRAM_SendCommand	24	static
stm32f7xx_ll_fmc.c:1039:19:FMC_SDRAM_ProgramRefreshRate	0	static
stm32f7xx_ll_fmc.c:1057:19:FMC_SDRAM_SetAutoRefreshNumber	0	static
stm32f7xx_ll_fmc.c:1078:10:FMC_SDRAM_GetModeStatus	0	static
