stm32f7xx_hal_sai.c:1594:13:SAI_FillFifo	8	static
stm32f7xx_hal_sai.c:1624:17:SAI_InterruptFlag	0	static
stm32f7xx_hal_sai.c:1657:26:SAI_Disable	16	static
stm32f7xx_hal_sai.c:506:13:HAL_SAI_MspInit	0	static
stm32f7xx_hal_sai.c:309:19:HAL_SAI_Init	16	static
stm32f7xx_hal_sai.c:270:19:HAL_SAI_InitProtocol	8	static
stm32f7xx_hal_sai.c:522:13:HAL_SAI_MspDeInit	0	static
stm32f7xx_hal_sai.c:465:19:HAL_SAI_DeInit	16	static
stm32f7xx_hal_sai.c:590:19:HAL_SAI_Transmit	24	static
stm32f7xx_hal_sai.c:677:19:HAL_SAI_Receive	24	static
stm32f7xx_hal_sai.c:761:19:HAL_SAI_Transmit_IT	8	static
stm32f7xx_hal_sai.c:823:19:HAL_SAI_Receive_IT	8	static
stm32f7xx_hal_sai.c:881:19:HAL_SAI_DMAPause	0	static
stm32f7xx_hal_sai.c:901:19:HAL_SAI_DMAResume	0	static
stm32f7xx_hal_sai.c:928:19:HAL_SAI_DMAStop	8	static
stm32f7xx_hal_sai.c:970:19:HAL_SAI_Abort	16	static
stm32f7xx_hal_sai.c:1018:19:HAL_SAI_Transmit_DMA	16	static
stm32f7xx_hal_sai.c:1083:19:HAL_SAI_Receive_DMA	16	static
stm32f7xx_hal_sai.c:1147:19:HAL_SAI_EnableTxMuteMode	0	static
stm32f7xx_hal_sai.c:1166:19:HAL_SAI_DisableTxMuteMode	0	static
stm32f7xx_hal_sai.c:1184:19:HAL_SAI_EnableRxMuteMode	12	static,ignoring_inline_asm
stm32f7xx_hal_sai.c:1207:19:HAL_SAI_DisableRxMuteMode	0	static
stm32f7xx_hal_sai.c:1311:14:HAL_SAI_TxCpltCallback	0	static
stm32f7xx_hal_sai.c:1732:13:SAI_Transmit_IT32Bit.part.2	8	static
stm32f7xx_hal_sai.c:1707:13:SAI_Transmit_IT16Bit	4	static
stm32f7xx_hal_sai.c:1683:13:SAI_Transmit_IT8Bit	0	static
stm32f7xx_hal_sai.c:1732:13:SAI_Transmit_IT32Bit	4	static
stm32f7xx_hal_sai.c:1836:13:SAI_DMATxCplt	16	static
stm32f7xx_hal_sai.c:1327:14:HAL_SAI_TxHalfCpltCallback	0	static
stm32f7xx_hal_sai.c:1861:13:SAI_DMATxHalfCplt	8	static
stm32f7xx_hal_sai.c:1343:13:HAL_SAI_RxCpltCallback	0	static
stm32f7xx_hal_sai.c:1809:13:SAI_Receive_IT32Bit	16	static
stm32f7xx_hal_sai.c:1783:13:SAI_Receive_IT16Bit	16	static
stm32f7xx_hal_sai.c:1757:13:SAI_Receive_IT8Bit	8	static
stm32f7xx_hal_sai.c:1874:13:SAI_DMARxCplt	16	static
stm32f7xx_hal_sai.c:1359:13:HAL_SAI_RxHalfCpltCallback	0	static
stm32f7xx_hal_sai.c:1897:13:SAI_DMARxHalfCplt	8	static
stm32f7xx_hal_sai.c:1375:13:HAL_SAI_ErrorCallback	0	static
stm32f7xx_hal_sai.c:1909:13:SAI_DMAError	8	static
stm32f7xx_hal_sai.c:1226:6:HAL_SAI_IRQHandler	16	static
stm32f7xx_hal_sai.c:1411:22:HAL_SAI_GetState	0	static
stm32f7xx_hal_sai.c:1422:10:HAL_SAI_GetError	0	static
