stm32f7xx_hal_tim_ex.c:2353:13:TIM_CCxNChannelCmd	8	static
stm32f7xx_hal_tim_ex.c:2376:13:TIM_OC5_SetConfig	12	static
stm32f7xx_hal_tim_ex.c:2428:13:TIM_OC6_SetConfig	12	static
stm32f7xx_hal_tim_ex.c:267:13:HAL_TIMEx_HallSensor_MspInit	0	static
stm32f7xx_hal_tim_ex.c:166:19:HAL_TIMEx_HallSensor_Init	48	static
stm32f7xx_hal_tim_ex.c:283:13:HAL_TIMEx_HallSensor_MspDeInit	0	static
stm32f7xx_hal_tim_ex.c:239:19:HAL_TIMEx_HallSensor_DeInit	8	static
stm32f7xx_hal_tim_ex.c:299:19:HAL_TIMEx_HallSensor_Start	8	static
stm32f7xx_hal_tim_ex.c:321:19:HAL_TIMEx_HallSensor_Stop	8	static
stm32f7xx_hal_tim_ex.c:343:19:HAL_TIMEx_HallSensor_Start_IT	8	static
stm32f7xx_hal_tim_ex.c:368:19:HAL_TIMEx_HallSensor_Stop_IT	8	static
stm32f7xx_hal_tim_ex.c:395:19:HAL_TIMEx_HallSensor_Start_DMA	16	static
stm32f7xx_hal_tim_ex.c:443:19:HAL_TIMEx_HallSensor_Stop_DMA	8	static
stm32f7xx_hal_tim_ex.c:500:19:HAL_TIMEx_OCN_Start	8	static
stm32f7xx_hal_tim_ex.c:531:19:HAL_TIMEx_OCN_Stop	8	static
stm32f7xx_hal_tim_ex.c:562:19:HAL_TIMEx_OCN_Start_IT	8	static
stm32f7xx_hal_tim_ex.c:630:19:HAL_TIMEx_OCN_Stop_IT	8	static
stm32f7xx_hal_tim_ex.c:706:19:HAL_TIMEx_OCN_Start_DMA	16	static
stm32f7xx_hal_tim_ex.c:822:19:HAL_TIMEx_OCN_Stop_DMA	8	static
stm32f7xx_hal_tim_ex.c:923:19:HAL_TIMEx_PWMN_Start	0	static
stm32f7xx_hal_tim_ex.c:953:19:HAL_TIMEx_PWMN_Stop	0	static
stm32f7xx_hal_tim_ex.c:984:19:HAL_TIMEx_PWMN_Start_IT	0	static
stm32f7xx_hal_tim_ex.c:1052:19:HAL_TIMEx_PWMN_Stop_IT	0	static
stm32f7xx_hal_tim_ex.c:1128:19:HAL_TIMEx_PWMN_Start_DMA	0	static
stm32f7xx_hal_tim_ex.c:1244:19:HAL_TIMEx_PWMN_Stop_DMA	0	static
stm32f7xx_hal_tim_ex.c:1332:19:HAL_TIMEx_OnePulseN_Start	8	static
stm32f7xx_hal_tim_ex.c:1358:19:HAL_TIMEx_OnePulseN_Stop	0	static
stm32f7xx_hal_tim_ex.c:1388:19:HAL_TIMEx_OnePulseN_Start_IT	8	static
stm32f7xx_hal_tim_ex.c:1420:19:HAL_TIMEx_OnePulseN_Stop_IT	8	static
stm32f7xx_hal_tim_ex.c:1490:19:HAL_TIMEx_ConfigCommutationEvent	8	static
stm32f7xx_hal_tim_ex.c:1540:19:HAL_TIMEx_ConfigCommutationEvent_IT	8	static
stm32f7xx_hal_tim_ex.c:1594:19:HAL_TIMEx_ConfigCommutationEvent_DMA	8	static
stm32f7xx_hal_tim_ex.c:1646:19:HAL_TIM_OC_ConfigChannel	8	static
stm32f7xx_hal_tim_ex.c:1747:19:HAL_TIM_PWM_ConfigChannel	16	static
stm32f7xx_hal_tim_ex.c:1892:19:HAL_TIM_ConfigOCrefClear	16	static
stm32f7xx_hal_tim_ex.c:2051:19:HAL_TIMEx_MasterConfigSynchronization	12	static
stm32f7xx_hal_tim_ex.c:2112:19:HAL_TIMEx_ConfigBreakDeadTime	0	static
stm32f7xx_hal_tim_ex.c:2187:19:HAL_TIMEx_RemapConfig	0	static
stm32f7xx_hal_tim_ex.c:2216:19:HAL_TIMEx_GroupChannel5	0	static
stm32f7xx_hal_tim_ex.c:2266:13:HAL_TIMEx_CommutationCallback	0	static
stm32f7xx_hal_tim_ex.c:2332:6:TIMEx_DMACommutationCplt	8	static
stm32f7xx_hal_tim_ex.c:2282:13:HAL_TIMEx_BreakCallback	0	static
stm32f7xx_hal_tim_ex.c:2317:22:HAL_TIMEx_HallSensor_GetState	0	static
