stm32f7xx_hal_hcd.c:184:19:HAL_HCD_HC_Init	40	static
stm32f7xx_hal_hcd.c:223:19:HAL_HCD_HC_Halt	8	static
stm32f7xx_hal_hcd.c:264:14:HAL_HCD_MspInit	0	static
stm32f7xx_hal_hcd.c:127:19:HAL_HCD_Init	64	static
stm32f7xx_hal_hcd.c:279:14:HAL_HCD_MspDeInit	0	static
stm32f7xx_hal_hcd.c:239:19:HAL_HCD_DeInit	8	static
stm32f7xx_hal_hcd.c:331:19:HAL_HCD_HC_SubmitRequest	20	static
stm32f7xx_hal_hcd.c:558:13:HAL_HCD_SOF_Callback	0	static
stm32f7xx_hal_hcd.c:573:13:HAL_HCD_Connect_Callback	0	static
stm32f7xx_hal_hcd.c:588:13:HAL_HCD_Disconnect_Callback	0	static
stm32f7xx_hal_hcd.c:613:13:HAL_HCD_HC_NotifyURBChange_Callback	0	static
stm32f7xx_hal_hcd.c:455:6:HAL_HCD_IRQHandler	56	static
stm32f7xx_hal_hcd.c:647:19:HAL_HCD_Start	16	static
stm32f7xx_hal_hcd.c:662:19:HAL_HCD_Stop	8	static
stm32f7xx_hal_hcd.c:675:19:HAL_HCD_ResetPort	0	static
stm32f7xx_hal_hcd.c:704:18:HAL_HCD_GetState	0	static
stm32f7xx_hal_hcd.c:723:21:HAL_HCD_HC_GetURBState	0	static
stm32f7xx_hal_hcd.c:736:10:HAL_HCD_HC_GetXferCount	0	static
stm32f7xx_hal_hcd.c:758:21:HAL_HCD_HC_GetState	0	static
stm32f7xx_hal_hcd.c:768:10:HAL_HCD_GetCurrentFrame	0	static
stm32f7xx_hal_hcd.c:778:10:HAL_HCD_GetCurrentSpeed	0	static
