DS3231.c:20:15:bcd_to_decimal	0	static
DS3231.c:26:15:decimal_to_bcd	0	static
DS3231.c:32:15:DS3231_Read	0	static
DS3231.c:38:6:DS3231_Write	0	static
DS3231.c:44:6:DS3231_init	8	static
DS3231.c:53:6:getTime	24	static
DS3231.c:84:6:getDate	24	static
DS3231.c:97:6:RTC_setTime	24	static
DS3231.c:132:6:RTC_setDate	16	static
DS3231.c:141:7:getTemp	8	static
DS3231.c:160:6:display_RealTime	40	static
DS3231.c:166:6:display_Real_Date	40	static
DS3231.c:172:6:make_Real_Time	32	static
DS3231.c:187:6:make_Real_Date	24	static
DS3231.c:206:6:make_File_Name	8	static
DS3231.c:231:6:sync_RTC	0	static
DS3231.c:236:6:sync_FT8_Time	0	static
DS3231.c:251:6:set_RTC_Item	0	static
